// Vitest Snapshot v1, https://vitest.dev/guide/snapshot.html

exports[`migrations > should migrate from 0 to latest 1`] = `
{
  "characterSheets": [
    {
      "activities": [
        {
          "id": "1",
          "name": "Climb",
          "value": 3,
        },
        {
          "id": "2",
          "name": "Stealth",
          "value": 3,
        },
        {
          "id": "3",
          "name": "Bushcraft",
          "value": 3,
        },
        {
          "id": "4",
          "name": "Languages",
          "value": 3,
        },
        {
          "id": "5",
          "name": "Open Doors",
          "value": 3,
        },
        {
          "id": "6",
          "name": "Search",
          "value": 3,
        },
        {
          "id": "7",
          "name": "Sneac Attack",
          "value": 3,
        },
        {
          "id": "8",
          "name": "Architecture",
          "value": 3,
        },
      ],
      "armorClasses": {
        "melee": {
          "value": 12,
        },
        "ranged": {
          "value": 12,
        },
        "surprised": {
          "value": 12,
        },
        "withoutShield": {
          "value": 12,
        },
      },
      "attributes": {
        "charisma": {
          "value": 10,
        },
        "constitution": {
          "value": 10,
        },
        "dexterity": {
          "value": 10,
        },
        "intelligence": {
          "value": 10,
        },
        "strength": {
          "value": 10,
        },
        "wisdom": {
          "value": 10,
        },
      },
      "combatInfo": {
        "baseAB": {
          "value": 10,
        },
        "currentHP": {
          "value": 10,
        },
        "maxHP": {
          "value": 10,
        },
        "meleeAB": {
          "value": 10,
        },
        "rangedAB": {
          "value": 10,
        },
        "surpriseChance": {
          "value": 6,
        },
        "tempHP": {
          "value": 10,
        },
      },
      "combatOptions": [
        {
          "id": "33",
          "name": "Cleave",
        },
      ],
      "effects": [
        {
          "effect": "add",
          "id": "24",
          "name": "Strength +1",
          "targetCategory": "attributes",
          "targetSubCategory": "strength",
          "value": "1",
        },
        {
          "effect": "add",
          "id": "25",
          "name": "Int +1",
          "targetCategory": "attributeModifier",
          "targetSubCategory": "intelligence",
          "value": "1",
        },
        {
          "effect": "add",
          "id": "26",
          "name": "Paralyze +1",
          "targetCategory": "savingThrows",
          "targetSubCategory": "paralyze",
          "value": "1",
        },
      ],
      "encumbrance": {
        "characterIsWearingChainMail": false,
        "characterIsWearingPlateMail": false,
      },
      "equipment": [
        {
          "id": "13",
          "name": "Rope",
          "oversized": false,
        },
        {
          "id": "14",
          "name": "Torch",
          "oversized": false,
        },
        {
          "id": "15",
          "name": "Lantern",
          "oversized": false,
        },
        {
          "id": "16",
          "name": "Backpack",
          "oversized": false,
        },
        {
          "id": "17",
          "name": "Candle",
          "oversized": false,
        },
        {
          "id": "18",
          "name": "Flint & Steel",
          "oversized": false,
        },
        {
          "id": "19",
          "name": "Waterskin",
          "oversized": false,
        },
        {
          "id": "20",
          "name": "Rations",
          "oversized": false,
        },
        {
          "id": "21",
          "name": "Bedroll",
          "oversized": false,
        },
        {
          "id": "22",
          "name": "Tent",
          "oversized": false,
        },
        {
          "id": "23",
          "name": "Crowbar",
          "oversized": false,
        },
      ],
      "id": "v0-sheet",
      "info": {
        "age": 20,
        "alignment": "Neutral",
        "class": "Fighter",
        "currentXp": 0,
        "gender": "Male",
        "name": "John Doe",
        "race": "Human",
        "xpForNextLevel": 1000,
      },
      "languages": [
        {
          "id": "28",
          "isKnown": true,
          "name": "Common",
        },
        {
          "id": "29",
          "isKnown": false,
          "name": "Kääpiötonttu",
        },
        {
          "id": "30",
          "isKnown": false,
          "name": "Käärmetonttu",
        },
        {
          "id": "31",
          "isKnown": false,
          "name": "Ancient common",
        },
      ],
      "nonEncumberingEquipment": [
        {
          "id": "32",
          "name": "Locket",
          "oversized": false,
        },
      ],
      "savingThrows": {
        "breathWeapon": {
          "value": 10,
        },
        "magic": {
          "value": 10,
        },
        "magicalDevice": {
          "value": 10,
        },
        "paralyze": {
          "value": 10,
        },
        "poison": {
          "value": 10,
        },
      },
      "spellSlots": [
        {
          "id": "spell-slot-1",
          "level": "1",
          "preparedSpellId": "spell-1",
          "used": true,
        },
        {
          "id": "spell-slot-2",
          "level": "1",
          "preparedSpellId": "spell-1",
          "used": false,
        },
        {
          "id": "spell-slot-3",
          "level": "1",
          "used": false,
        },
        {
          "id": "spell-slot-4",
          "level": "2",
          "preparedSpellId": "spell-3",
          "used": false,
        },
        {
          "id": "spell-slot-5",
          "level": "2",
          "preparedSpellId": "spell-3",
          "used": false,
        },
        {
          "id": "spell-slot-6",
          "level": "3",
          "preparedSpellId": "spell-2",
          "used": false,
        },
        {
          "id": "spell-slot-7",
          "level": "3",
          "preparedSpellId": "spell-2",
          "used": false,
        },
        {
          "id": "spell-slot-8",
          "level": "3",
          "used": false,
        },
      ],
      "spells": [
        {
          "description": "A missile of magical energy darts forth from your fingertip and strikes its target, dealing 1d6+1 points of force damage.",
          "id": "spell-1",
          "level": "1",
          "name": "Magic Missile",
        },
        {
          "description": "A fireball spell generates a searing explosion of flame that detonates with a low roar and deals 1d6 points of fire damage per caster level (maximum 10d6) to every creature within the area.",
          "id": "spell-2",
          "level": "3",
          "name": "Fireball",
        },
        {
          "description": "You tap into the nightmares of a creature you can see within range and create an illusory manifestation of its deepest fears, visible only to that creature.",
          "id": "spell-3",
          "level": "2",
          "name": "Phantasamal Force",
        },
      ],
      "weapons": [
        {
          "attackBonus": 1,
          "damage": "1d6",
          "id": "9",
          "name": "Sword",
          "oversized": false,
        },
        {
          "attackBonus": 1,
          "damage": "1d6",
          "id": "10",
          "name": "Bow",
          "oversized": false,
          "range": {
            "long": "3",
            "medium": "2",
            "short": "1",
          },
        },
        {
          "attackBonus": 1,
          "damage": "1d10",
          "id": "11",
          "name": "Greatsword",
          "oversized": true,
        },
        {
          "attackBonus": 1,
          "damage": "1d10",
          "id": "12",
          "name": "Greatbow",
          "oversized": true,
          "range": {
            "long": "3",
            "medium": "2",
            "short": "1",
          },
        },
      ],
    },
  ],
  "version": 1,
}
`;
